// Jest Snapshot v1, https://goo.gl/fbAQLP

exports[`fetchSearchResults matches snapshot 1`] = `
{
  "graphql": {
    "query": "query ($search: String, $type: String, $offset: Int) {
        search(term: $search, first: 10, type: $type, offset: $offset) {
          total
          hasMore
          items {
            id
            content {
              __typename
              ... on Person {
                id
                name
                location
                avatarUrl
                skills {
                  items {
                    id
                    name
                  }
                }
              }
              ... on Post {
                
  id
  announcement
  title
  details
  type
  creator {
    id
    name
    avatarUrl
    groupRoles {
      name
      emoji
      active
      groupId
    }
    moderatedGroupMemberships {
      groupId
    }
  }
  createdAt
  updatedAt
  isAnonymousVote
  isPublic
  fulfilledAt
  startTime
  endTime
  donationsLink
  projectManagementLink
  myEventResponse
  commenters(first: 20) {
    id
    name
    avatarUrl
  }
  commentersTotal
  commentsTotal
  
  linkPreview {
    description
    id
    imageUrl
    title
    url
  }
  linkPreviewFeatured
  location
  locationObject {
    id
    addressNumber
    addressStreet
    bbox {
      lat
      lng
    }
    center {
      lat
      lng
    }
    city
    country
    fullText
    locality
    neighborhood
    region
  }
  peopleReactedTotal
  proposalStatus
  proposalOutcome
  votingMethod
  quorum
  proposalOptions {
    total
    hasMore
    items {
      id
      text
      emoji
    }
  }
  proposalVotes {
      total
      hasMore
      items {
        id
        optionId
        user {
          id
          name
          avatarUrl
        }
      }
  }
  myReactions {
    emojiFull
    id
  }
  postReactions {
    emojiFull
    id
    user {
      id
      name
    }
  }
  groups {
    id
    name
    slug
  }
  attachments {
    type
    url
    position
    id
  }
  postMemberships {
    id
    pinned
    group {
      id
    }
  }
  topics {
    id
    name
    postsTotal
    followersTotal
  }
  members {
    total
    hasMore
    items {
      id
      name
      avatarUrl
      bio
      tagline
      location
    }
  }
  eventInvitations {
    total
    hasMore
    items {
      id
      response
      person {
        id
        name
        avatarUrl
        bio
        tagline
        location
      }
    }
  }

              }
              ... on Comment {
                id
                text
                createdAt
                creator {
                  id
                  name
                  avatarUrl
                }
                post {
                  id
                  title
                  type
                  creator {
                    id
                    name
                    avatarUrl
                  }
                }
                attachments {
                  id
                  url
                  type
                }
              }
            }
          }
        }
      }",
    "variables": {
      "offset": 20,
      "search": "lae",
      "type": "comment",
    },
  },
  "meta": {
    "extractModel": "SearchResult",
    "extractQueryResults": {
      "getItems": [Function],
    },
  },
  "type": "SearchPage/FETCH_SEARCH",
}
`;
