// Jest Snapshot v1, https://goo.gl/fbAQLP

exports[`Header matches the last snapshot 1`] = `
Object {
  "headerTintColor": "#808c9b",
  "headerTitle": <Title
    onPress={[Function]}
    title="Header Title"
  />,
}
`;

exports[`Title matches the last snapshot 1`] = `
<ForwardRef
  onPress={[Function]}
>
  <Text>
    Header Title
  </Text>
</ForwardRef>
`;
