// Jest Snapshot v1, https://goo.gl/fbAQLP

exports[`mapDispatchToProps returns the right keys 1`] = `
Object {
  "deletePost": [Function],
  "pinPost": [Function],
  "removePost": [Function],
}
`;
