// Jest Snapshot v1, https://goo.gl/fbAQLP

exports[`ParticipantRow matches the last snapshot 1`] = `
<TouchableOpacity
  onPress={[Function]}
>
  <Avatar
    avatarUrl="foo.png"
  />
  <Text>
    Bob
  </Text>
</TouchableOpacity>
`;

exports[`ThreadParticipants matches the last snapshot 1`] = `
<ScrollView
  contentContainerStyle={
    Object {
      "backgroundColor": "white",
      "flex": 1,
      "paddingHorizontal": 15,
      "paddingTop": 12,
    }
  }
>
  <ParticipantRow
    goToParticipant={[Function]}
    participant={
      Object {
        "id": 1,
      }
    }
  />
  <ParticipantRow
    goToParticipant={[Function]}
    participant={
      Object {
        "id": 2,
      }
    }
  />
</ScrollView>
`;

exports[`ThreadParticipants returns loading if no participants 1`] = `
<View>
  <Loading />
</View>
`;
