// Jest Snapshot v1, https://goo.gl/fbAQLP

exports[`matches last snapshot 1`] = `
<SafeAreaViewMock>
  <View>
    <Text>
      We're working on expanding #topics to more places.
    </Text>
  </View>
  <View>
    <Text>
      In the meantime, click a #topic from an individual community to see posts from that community.
    </Text>
  </View>
  <Image
    resizeMode="contain"
    source={
      Object {
        "testUri": "../../../assets/Axolotyl_Digging.png",
      }
    }
  />
  <View>
    <LinkButton
      to="/"
    >
      <Text>
        Go Back
      </Text>
    </LinkButton>
  </View>
</SafeAreaViewMock>
`;
