// Jest Snapshot v1, https://goo.gl/fbAQLP

exports[`DetailsEditor renders correctly 1`] = `
<Unknown
  behavior="padding"
  keyboardVerticalOffset={64}
>
  <Editor
    communityId={1}
    initialContent="initial content"
    navigation={
      Object {
        "state": Object {
          "params": Object {
            "communityId": 1,
          },
        },
      }
    }
    onChange={[Function]}
  />
</Unknown>
`;
