// Jest Snapshot v1, https://goo.gl/fbAQLP

exports[`matches the last snapshot 1`] = `
<BadgedIcon
  name="Notifications"
  onPress={[Function]}
/>
`;
