// Jest Snapshot v1, https://goo.gl/fbAQLP

exports[`shows Feed with a community and user 1`] = `
<Connect(Feed)
  communityId="1"
  navigation={undefined}
  networkId={undefined}
  screenProps={undefined}
/>
`;

exports[`shows Loading with no community or user 1`] = `<Loading />`;
