// Jest Snapshot v1, https://goo.gl/fbAQLP

exports[`matches the last snapshot 1`] = `
<View>
  <Text>
    
  </Text>
</View>
`;
