// Jest Snapshot v1, https://goo.gl/fbAQLP

exports[`checkSession works with a cookie 1`] = `
Object {
  "payload": Promise {
    "_40": 0,
    "_55": null,
    "_65": 0,
    "_72": null,
  },
  "type": "CHECK_SESSION",
}
`;

exports[`checkSession works without a cookie 1`] = `
Object {
  "payload": Promise {
    "_40": 0,
    "_55": null,
    "_65": 0,
    "_72": null,
  },
  "type": "CHECK_SESSION",
}
`;

exports[`checkVersion matches the existing snapshot 1`] = `
Object {
  "payload": Object {
    "api": Object {
      "method": "get",
      "path": "/noo/mobile/auto-update-info?undefined-version=undefined",
    },
  },
  "type": "CHECK_VERSION",
}
`;
