// Jest Snapshot v1, https://goo.gl/fbAQLP

exports[`matches last snapshot 1`] = `
<TouchableOpacity
  activeOpacity={0.2}
  disabled={true}
  onPress={[Function]}
>
  <Text
    accessible={true}
    allowFontScaling={true}
    ellipsizeMode="tail"
  >
    Children
  </Text>
</TouchableOpacity>
`;
