// Jest Snapshot v1, https://goo.gl/fbAQLP

exports[`mapDispatchToProps maps the action generators 1`] = `
{
  "fetchMemberComments": [Function],
  "fetchMemberPosts": [Function],
  "fetchMemberUpvotes": [Function],
  "goToGroup": [Function],
  "respondToEvent": [Function],
  "setChoice": [Function],
  "showMember": [Function],
  "showPost": [Function],
  "showTopic": [Function],
}
`;

exports[`mapDispatchToProps maps the action generators 2`] = `undefined`;
