// Jest Snapshot v1, https://goo.gl/fbAQLP

exports[`mapDispatchToProps maps the action generators 1`] = `
Object {
  "payload": "name",
  "type": "CreateCommunityFlow/SAVE_COMMUNITY_NAME",
}
`;

exports[`mapStateToProps returns the right keys 1`] = `
Object {
  "communityName": "name",
}
`;

exports[`mergeProps merges the props 1`] = `
Object {
  "CreateCommunityFlow": Object {
    "communityName": "name",
  },
  "goToCreateCommunityUrl": [Function],
  "navigation": Object {
    "navigate": [Function],
  },
  "saveCommunityName": [Function],
}
`;
