// Jest Snapshot v1, https://goo.gl/fbAQLP

exports[`ForgotPassword renders correctly 1`] = `
<ScrollView
  contentContainerStyle={
    Object {
      "alignItems": "center",
      "backgroundColor": "white",
      "justifyContent": "center",
      "paddingTop": 20,
    }
  }
>
  <View>
    <Text>
      Enter your email address and we'll send you an email that lets you reset your password.
    </Text>
  </View>
  
  <View>
    <Text>
      Your email address
    </Text>
  </View>
  <View>
    <View>
      <View>
        <TextInput
          autoCapitalize="none"
          autoCorrect={false}
          keyboardType="email-address"
          onChangeText={[Function]}
          returnKeyType="next"
          underlineColorAndroid="rgba(0,0,0,0)"
        />
      </View>
      <View />
    </View>
  </View>
  <View>
    <TouchableOpacity
      disabled={true}
      onPress={[Function]}
    >
      <Text>
        Reset
      </Text>
    </TouchableOpacity>
  </View>
</ScrollView>
`;

exports[`FormError renders correctly 1`] = `
<View>
  <View>
    <Text>
      Password is invalid or unknown error
    </Text>
  </View>
  <View />
</View>
`;
