// Jest Snapshot v1, https://goo.gl/fbAQLP

exports[`gets all groups on current user 1`] = `
[
  SessionBoundModel {
    "_fields": {
      "group": "group1Id",
      "id": "membership1Id",
      "person": "meId",
    },
  },
  SessionBoundModel {
    "_fields": {
      "group": "group2Id",
      "id": "membership2Id",
      "person": "meId",
    },
  },
]
`;
