// Jest Snapshot v1, https://goo.gl/fbAQLP

exports[`createMessage should match the last snapshot 1`] = `
{
  "graphql": {
    "query": "mutation ($messageThreadId: String, $text: String) {
        createMessage(data: {messageThreadId: $messageThreadId, text: $text}) {
          id
          text
          createdAt
          creator {
            id
          }
          messageThread {
            id
          }
        }
      }",
    "variables": {
      "messageThreadId": "1",
      "optimistic": true,
      "text": "So much message.",
    },
  },
  "meta": {
    "messageThreadId": "1",
    "optimistic": true,
    "tempId": "messageThread1_1",
    "text": "So much message.",
  },
  "type": "Thread/CREATE_MESSAGE",
}
`;

exports[`fetchMessages should match the last snapshot 1`] = `
{
  "graphql": {
    "query": "
        query ($id: ID, $cursor: ID, $messagePageSize: Int) {
          messageThread (id: $id) {
            id
            messages(first: $messagePageSize, cursor: $cursor, order: "desc") {
              items {
                id
                createdAt
                text
                creator {
                  id
                }
              }
              total
              hasMore
            }
            participants {
              id
              name
              avatarUrl
            }
          }
        }
      ",
    "variables": {
      "cursor": 10,
      "id": "1",
      "messagePageSize": 20,
    },
  },
  "meta": {
    "afterInteractions": true,
    "extractModel": "MessageThread",
    "extractQueryResults": {
      "getItems": [Function],
    },
    "id": "1",
    "reset": undefined,
  },
  "type": "Thread/FETCH_MESSAGES",
}
`;

exports[`getThread should match the last snapshot 1`] = `
SessionBoundModel {
  "_fields": {
    "id": "1",
  },
}
`;

exports[`updateThreadReadTime should match the last snapshot 1`] = `
{
  "meta": {
    "id": "1",
  },
  "payload": {
    "api": {
      "method": "POST",
      "path": "/noo/post/1/update-last-read",
    },
  },
  "type": "Thread/UPDATE_THREAD_READ_TIME",
}
`;
