// Jest Snapshot v1, https://goo.gl/fbAQLP

exports[`shows Feed with a community and user 1`] = `
<withNavigationFocus(Connect(Feed))
  communityId="1"
/>
`;

exports[`shows Loading with no community or user 1`] = `<Loading />`;
