// Jest Snapshot v1, https://goo.gl/fbAQLP

exports[`renders as expected 1`] = `
<ForwardRef
  onPress={[Function]}
>
  <Avatar
    dimension={30}
  />
  <Text />
</ForwardRef>
`;
