// Jest Snapshot v1, https://goo.gl/fbAQLP

exports[`mapDispatchToProps returns the right keys 1`] = `
Object {
  "blockUser": [Function],
  "fetchPerson": [Function],
  "goToGroup": [Function],
  "logout": [Function],
  "updateUserSettings": [Function],
}
`;

exports[`mapStateToProps maps the state to the props 1`] = `
Object {
  "currentGroup": Object {
    "avatarUrl": undefined,
    "bannerUrl": undefined,
    "childGroups": Object {
      "toModelArray": [Function],
    },
    "headerAvatarUrl": undefined,
    "id": "public",
    "name": "Public Groups & Posts",
    "parentGroups": Object {
      "toModelArray": [Function],
    },
    "slug": "public",
  },
  "currentUser": SessionBoundModel {
    "_fields": Object {
      "id": "1",
    },
    "id": "1",
  },
  "editing": undefined,
  "goToBlockedUsers": [Function],
  "goToDetails": [Function],
  "goToEdit": [Function],
  "goToEditAccount": [Function],
  "goToManageNotifications": [Function],
  "goToSkills": [Function],
  "id": 123,
  "isBlocked": false,
  "isMe": false,
  "memberships": Array [],
  "navigation": Object {
    "navigate": [MockFunction],
  },
  "person": null,
}
`;

exports[`mergeProps returns the right keys 1`] = `
Object {
  "canFlag": true,
  "currentUser": Object {
    "id": 1,
  },
  "fetchPerson": [Function],
  "goToGroup": [Function],
  "goToMemberProfile": [Function],
  "id": 78,
  "isMe": true,
  "navigation": Object {
    "navigate": [Function],
  },
  "onPressMessages": [Function],
  "person": Object {
    "id": 78,
  },
  "updateUserSettings": [MockFunction],
}
`;
