// Jest Snapshot v1, https://goo.gl/fbAQLP

exports[`useInvitation 1`] = `
Object {
  "graphql": Object {
    "query": "mutation ($invitationToken: String, $accessCode: String) {
        useInvitation (invitationToken: $invitationToken, accessCode: $accessCode) {
          membership {
            id
            role
            group {
              id
              accessibility
              name
              settings {
                allowGroupInvites
                askJoinQuestions
                askGroupToGroupJoinQuestions
                publicMemberDirectory
                showSuggestedSkills
              }
              slug
              visibility
            }
            person {
              id
            }
            settings {
              showJoinForm
            }
          }
          error
        }
      }",
    "variables": Object {
      "accessCode": "accesstoken",
      "invitationToken": "invitationtoken",
    },
  },
  "meta": Object {
    "analytics": "Group Invitation Accepted",
    "extractModel": Object {
      "getRoot": [Function],
      "modelName": "Membership",
    },
  },
  "type": "JoinGroup/USE_INVITATION",
}
`;
