// Jest Snapshot v1, https://goo.gl/fbAQLP

exports[`noncircular works as expected 1`] = `
Object {
  "ok": "yay",
  "wow": Object {
    "z": Object {
      "x": "removed circular reference",
    },
  },
}
`;
