// Jest Snapshot v1, https://goo.gl/fbAQLP

exports[`renders as expected 1`] = `
<TouchableOpacity
  activeOpacity={0.2}
  onPress={[Function]}
>
  <Avatar
    avatarUrl={undefined}
    dimension={30}
  />
  <Text
    accessible={true}
    allowFontScaling={true}
    ellipsizeMode="tail"
  />
  <RoundCheckbox
    backgroundColor="#0DC39F"
    borderColor="grey"
    checked={false}
    icon="ios-checkmark"
    iconColor="white"
    onValueChange={[Function]}
    size={24}
  />
</TouchableOpacity>
`;
