// Jest Snapshot v1, https://goo.gl/fbAQLP

exports[`renders SubmitButton when submitting 1`] = `
<View>
  <ActivityIndicator
    animating={true}
    color="#999999"
    hidesWhenStopped={true}
    size="small"
  />
</View>
`;

exports[`renders as expected 1`] = `
<View>
  <View>
    <TextInput
      allowFontScaling={true}
      blurOnSubmit={false}
      editable={true}
      multiline={true}
      onBlur={[Function]}
      onChangeText={[MockFunction]}
      onContentSizeChange={[Function]}
      onFocus={[Function]}
      onSelectionChange={[Function]}
      placeholder="Place Holder"
      placeholderTextColor="#c0c6cd"
      rejectResponderTermination={true}
      underlineColorAndroid="transparent"
      value="some text"
    />
    <SubmitButton
      active={false}
      handleSubmit={[Function]}
      submitting={false}
    />
  </View>
</View>
`;
